Using config in CONFIG.ubuntu-MS-7D76
Thu Sep 24 02:03:35 UTC 2026
Latency measurements
Thu Sep 24 02:04:27 UTC 2026
Calculating file system latency
Thu Sep 24 02:04:32 UTC 2026
Local networking
Thu Sep 24 02:07:22 UTC 2026
Bandwidth measurements
Thu Sep 24 02:08:42 UTC 2026
Calculating context switch overhead
Thu Sep 24 02:08:56 UTC 2026
Calculating effective TLB size
Thu Sep 24 02:08:57 UTC 2026
Calculating memory load parallelism
Thu Sep 24 02:09:26 UTC 2026
McCalpin's STREAM benchmark
Thu Sep 24 02:09:29 UTC 2026
Calculating memory load latency
Thu Sep 24 02:13:03 UTC 2026
