Using config in CONFIG.ubuntu-MS-7D76
Thu Sep 24 12:59:02 UTC 2026
Latency measurements
Thu Sep 24 12:59:54 UTC 2026
Calculating file system latency
Thu Sep 24 13:00:00 UTC 2026
Local networking
Thu Sep 24 13:02:50 UTC 2026
Bandwidth measurements
Thu Sep 24 13:04:16 UTC 2026
Calculating context switch overhead
Thu Sep 24 13:04:31 UTC 2026
Calculating effective TLB size
Thu Sep 24 13:04:35 UTC 2026
Calculating memory load parallelism
Thu Sep 24 13:05:04 UTC 2026
McCalpin's STREAM benchmark
Thu Sep 24 13:05:07 UTC 2026
Calculating memory load latency
Thu Sep 24 13:08:39 UTC 2026
