Using config in CONFIG.ubuntu-MS-7D76
Thu Sep 24 01:13:59 UTC 2026
Latency measurements
Thu Sep 24 01:14:52 UTC 2026
Calculating file system latency
Thu Sep 24 01:14:57 UTC 2026
Local networking
Thu Sep 24 01:18:05 UTC 2026
Bandwidth measurements
Thu Sep 24 01:19:28 UTC 2026
Calculating context switch overhead
Thu Sep 24 01:19:42 UTC 2026
Calculating effective TLB size
Thu Sep 24 01:19:45 UTC 2026
Calculating memory load parallelism
Thu Sep 24 01:20:15 UTC 2026
McCalpin's STREAM benchmark
Thu Sep 24 01:20:17 UTC 2026
Calculating memory load latency
Thu Sep 24 01:23:51 UTC 2026
