Using config in CONFIG.ubuntu-MS-7D76
Thu Sep 24 02:59:39 UTC 2026
Latency measurements
Thu Sep 24 03:00:31 UTC 2026
Calculating file system latency
Thu Sep 24 03:00:36 UTC 2026
Local networking
Thu Sep 24 03:03:26 UTC 2026
Bandwidth measurements
Thu Sep 24 03:04:47 UTC 2026
Calculating context switch overhead
Thu Sep 24 03:05:01 UTC 2026
Calculating effective TLB size
Thu Sep 24 03:05:03 UTC 2026
Calculating memory load parallelism
Thu Sep 24 03:05:33 UTC 2026
McCalpin's STREAM benchmark
Thu Sep 24 03:05:36 UTC 2026
Calculating memory load latency
Thu Sep 24 03:09:08 UTC 2026
