
root@asterinas-debug:/# printf 'BEGIN_5e19b049ea8dfd20\n'; test "$(cat /proc/sys
/kernel/asterinas_reboot_watchdog)" = 0 && python3 /run/gpu-mmu-20260930/rgx_met
a_ldr.py /lib/firmware/rgx.fw.30.3.408.101 --output-dir /run/gpu-mmu-20260930/se
gments >/run/gpu-mmu-20260930/ldr-result.json && python3 /run/gpu-mmu-20260930/p
owervr_dma_stage.py --segments-dir /run/gpu-mmu-20260930/segments --manifest /ru
n/gpu-mmu-20260930/ldr-scan.json && cat /proc/sys/kernel/random/boot_id && syste
mctl is-active asterinas-desktop-m5.service asterinas-browser-web.service && dme
sg | grep -E "ASTERINAS_POWERVR_(DMA_STAGE|MMU|OWNER)" | tail -9; printf 'END_5e
19b049ea8dfd20=%s\n' "$?"
BEGIN_5e19b049ea8dfd20
ASTERINAS_GPU_POWERED_ID raw=0x001e000301980065
ASTERINAS_POWERVR_OWNER session=opened bvnc=30.3.408.101 gates=0b111 deasserted=0b11111
ASTERINAS_POWERVR_DMA_STAGE status=enabled gpu_visibility=unverified
ASTERINAS_POWERVR_DMA_STAGE segment=0 bytes=52064 pages=13 daddr=0x2f72e0000 cpu_readback=ok gpu_visibility=unverified
ASTERINAS_POWERVR_DMA_STAGE segment=1 bytes=18432 pages=5 daddr=0xfb0b8000 cpu_readback=ok gpu_visibility=unverified
ASTERINAS_POWERVR_DMA_STAGE segment=2 bytes=73312 pages=18 daddr=0x2f6820000 cpu_readback=ok gpu_visibility=unverified
ASTERINAS_POWERVR_DMA_STAGE segment=3 bytes=9984 pages=3 daddr=0x2f6b34000 cpu_readback=ok gpu_visibility=unverified
ASTERINAS_POWERVR_MMU status=code_table_prepared root_daddr=0x2f6b23000 gpu_root_installed=0 gpu_visibility=unverified
ASTERINAS_POWERVR_OWNER session=closed crg_restored=1 aclk=0x00000020 cfg=0x00000000 gray=0x00000000 reset=0x00000000
four firmware segments staged and closed; GPU visibility remains unverified
54daa6eb-7c6d-43c7-9ca7-e1eb095a7eae
active
active
END_5e19b049ea8dfd20=0
root@asterinas-debug:/#
