[canary boot 1]
crc32 for 80200000 ... 807cd07f ==> ab15b580
crc32 for f0000000 ... f0025dd8 ==> 40ed4c65
crc32 for 83000000 ... 8310d9ff ==> 1f97beff
Enter riscv_boot
ASTERINAS_SOFTWARE_REBOOT_ARMED seconds=420
ASTERINAS_DEBUG_CONSOLE_READY uid=0
__ASTERINAS_DEBUG_bbc9cc8a6b2b92cd28b91ca59ee05102_ROOT_VALUE__/dev/mmcblk0p2 ext2
__ASTERINAS_DEBUG_bbc9cc8a6b2b92cd28b91ca59ee05102_GRAPHICAL_VALUE__active
__ASTERINAS_DEBUG_bbc9cc8a6b2b92cd28b91ca59ee05102_DESKTOP_VALUE__active
[canary boot 2]
crc32 for 80200000 ... 807cd07f ==> ab15b580
crc32 for f0000000 ... f0025dd8 ==> 40ed4c65
crc32 for 83000000 ... 8310d9ff ==> 1f97beff
Enter riscv_boot
ASTERINAS_SOFTWARE_REBOOT_ARMED seconds=420
ASTERINAS_DEBUG_CONSOLE_READY uid=0
__ASTERINAS_DEBUG_98e3f35668b7b71651d6e8501d928e10_ROOT_VALUE__/dev/mmcblk0p2 ext2
__ASTERINAS_DEBUG_98e3f35668b7b71651d6e8501d928e10_GRAPHICAL_VALUE__active
__ASTERINAS_DEBUG_98e3f35668b7b71651d6e8501d928e10_DESKTOP_VALUE__active
