test_getregset_riscv_prstatus: `fork()` passed [got Success]
test_getregset_riscv_prstatus: `fork()` passed [got Success]
test_getregset_riscv_prstatus: `waitpid(child, &status, 0)` passed [got Success]
test_getregset_riscv_prstatus: `ptrace(PTRACE_GETREGSET, child, (void *)1, &iov)` passed [got Success]
test_getregset_riscv_prstatus: `iov.iov_len` passed [got Success]
test_getregset_riscv_prstatus: `regs.pc` passed [got Success]
test_getregset_riscv_prstatus: `regs.sp` passed [got Success]
test_getregset_riscv_prstatus: `ptrace(PTRACE_GETREGSET, child, (void *)1, &iov)` passed [got Success]
test_getregset_riscv_prstatus: `iov.iov_len` passed [got Success]
test_getregset_riscv_prstatus: `first_two[0]` passed [got Success]
test_getregset_riscv_prstatus: `first_two[1]` passed [got Success]
test_getregset_riscv_prstatus: `ptrace(PTRACE_GETREGSET, child, (void *)1, &iov)` passed [got Success]
test_getregset_riscv_prstatus: `iov.iov_len` passed [got Success]
test_getregset_riscv_prstatus: `large.guard` passed [got Success]
test_getregset_riscv_prstatus: `large.regs.pc` passed [got Success]
test_getregset_riscv_prstatus: `ptrace(PTRACE_GETREGSET, child, (void *)1, &iov)` passed [got Invalid argument]
test_getregset_riscv_prstatus: `ptrace(PTRACE_GETREGSET, child, (void *)0xdead, &iov)` passed [got Invalid argument]
test_getregset_riscv_prstatus: `ptrace(PTRACE_GETREGSET, child, (void *)1, &iov)` passed [got Bad address]
test_getregset_riscv_prstatus: `ptrace(PTRACE_CONT, child, 0, 0)` passed [got Success]
test_getregset_riscv_prstatus: `ptrace(PTRACE_GETREGSET, child, (void *)1, &iov)` passed [got No such process]
test_getregset_riscv_prstatus: `ptrace(PTRACE_GETREGSET, child, (void *)0xdead, &iov)` passed [got No such process]
test_getregset_riscv_prstatus: `ptrace(PTRACE_GETREGSET, child, (void *)1, (void *)-1)` passed [got No such process]
test_getregset_riscv_prstatus: `kill(child, 9)` passed [got Success]
test_getregset_riscv_prstatus: `waitpid(child, &status, 0)` passed [got Success]
test_getregset_riscv_prstatus summary: 23 tests passed, 0 tests failed
test_attach_getregset_riscv_prstatus: `fork()` passed [got Success]
test_attach_getregset_riscv_prstatus: `ptrace(PTRACE_ATTACH, child, 0, 0)` passed [got Success]
test_attach_getregset_riscv_prstatus: `waitpid(child, &status, 0)` passed [got Success]
test_attach_getregset_riscv_prstatus: `ptrace(PTRACE_GETREGSET, child, (void *)1, &iov)` passed [got Success]
test_attach_getregset_riscv_prstatus: `iov.iov_len` passed [got Success]
test_attach_getregset_riscv_prstatus: `regs.pc` passed [got Success]
test_attach_getregset_riscv_prstatus: `regs.sp` passed [got Success]
test_attach_getregset_riscv_prstatus: `ptrace(PTRACE_DETACH, child, 0, 0)` passed [got Success]
test_attach_getregset_riscv_prstatus: `kill(child, 9)` passed [got Success]
test_attach_getregset_riscv_prstatus: `waitpid(child, &status, 0)` passed [got Success]
test_attach_getregset_riscv_prstatus summary: 10 tests passed, 0 tests failed
RISC-V ptrace regset regression passed.
