Using config in CONFIG.ubuntu-MS-7D76
Thu Sep 24 00:15:29 UTC 2026
Latency measurements
Thu Sep 24 00:16:23 UTC 2026
Calculating file system latency
Thu Sep 24 00:16:28 UTC 2026
Local networking
Thu Sep 24 00:19:34 UTC 2026
Bandwidth measurements
Thu Sep 24 00:20:55 UTC 2026
Calculating context switch overhead
Thu Sep 24 00:21:09 UTC 2026
Calculating effective TLB size
Thu Sep 24 00:21:12 UTC 2026
Calculating memory load parallelism
Thu Sep 24 00:21:41 UTC 2026
McCalpin's STREAM benchmark
Thu Sep 24 00:21:44 UTC 2026
Calculating memory load latency
Thu Sep 24 00:25:17 UTC 2026
