Using config in CONFIG.ubuntu-MS-7D76
Thu Sep 24 01:39:37 UTC 2026
Latency measurements
Thu Sep 24 01:40:33 UTC 2026
Calculating file system latency
Thu Sep 24 01:40:38 UTC 2026
Local networking
Thu Sep 24 01:43:28 UTC 2026
Bandwidth measurements
Thu Sep 24 01:45:04 UTC 2026
Calculating context switch overhead
Thu Sep 24 01:45:19 UTC 2026
Calculating effective TLB size
Thu Sep 24 01:45:22 UTC 2026
Calculating memory load parallelism
Thu Sep 24 01:45:51 UTC 2026
McCalpin's STREAM benchmark
Thu Sep 24 01:45:53 UTC 2026
Calculating memory load latency
Thu Sep 24 01:49:28 UTC 2026
