Using config in CONFIG.ubuntu-MS-7D76
Thu Sep 24 04:38:35 UTC 2026
Latency measurements
Thu Sep 24 04:39:34 UTC 2026
Calculating file system latency
Thu Sep 24 04:39:39 UTC 2026
Local networking
Thu Sep 24 04:42:29 UTC 2026
Bandwidth measurements
Thu Sep 24 04:43:50 UTC 2026
Calculating context switch overhead
Thu Sep 24 04:44:04 UTC 2026
Calculating effective TLB size
Thu Sep 24 04:44:07 UTC 2026
Calculating memory load parallelism
Thu Sep 24 04:44:36 UTC 2026
McCalpin's STREAM benchmark
Thu Sep 24 04:44:39 UTC 2026
Calculating memory load latency
Thu Sep 24 04:48:12 UTC 2026
