[    1.500000] systemd
[    1.500000] [1]: 
[    1.500000] kmod-static-nodes.service - Create List of Static Device Nodes skipped, unmet condition check ConditionPathExists=/usr/bin/kmod


[    1.509000] systemd
[    1.509000] [1]: 
[    1.509000] Starting modprobe@configfs.service - Load Kernel Module configfs...


[    1.521000] systemd
[    1.521000] [1]: 
[    1.521000] Starting modprobe@efi_pstore.service - Load Kernel Module efi_pstore...


[    1.528000] systemd
[    1.528000] [1]: 
[    1.528000] Starting modprobe@fuse.service - Load Kernel Module fuse...


[    1.528000] systemd
[    1.528000] [1]: 
[    1.528000] systemd-hibernate-clear.service - Clear Stale Hibernate Storage Info skipped, unmet condition check ConditionPathExists=/sys/firmware/efi/efivars/HibernateLocation-8cf2644b-4b0b-428f-9387-6d876050dc67


[    1.529000] systemd
[    1.529000] [1]: 
[    1.529000] systemd-journald.service
[    1.529000] : 
[    1.529000] unit configures an IP firewall, but the local system does not support BPF/cgroup firewalling.


[    1.529000] systemd
[    1.529000] [1]: 
[    1.529000] systemd-journald.service
[    1.529000] : 
[    1.529000] (This warning is only shown for the first unit using IP firewalling.)


[    1.536000] systemd
[    1.536000] [1]: 
[    1.536000] Starting systemd-journald.service - Journal Service...


[    1.546000] systemd
[    1.546000] [1]: 
[    1.546000] Starting systemd-modules-load.service - Load Kernel Modules...


[    1.547000] systemd
[    1.547000] [1]: 
[    1.547000] systemd-pcrmachine.service - TPM PCR Machine ID Measurement skipped, unmet condition check ConditionSecurity=measured-uki


[    1.553000] (modprobe)
[    1.553000] [16]: 
[    1.553000] modprobe@configfs.service: Unable to locate executable '/sbin/modprobe': No such file or directory


[    1.553000] systemd
[    1.553000] [1]: 
[    1.553000] Starting systemd-remount-fs.service - Remount Root and Kernel File Systems...


[    1.564000] systemd
[    1.564000] [1]: 
[    1.564000] Starting systemd-tmpfiles-setup-dev-early.service - Create Static Device Nodes in /dev gracefully...


[    1.564000] systemd
[    1.564000] [1]: 
[    1.564000] systemd-tpm2-setup-early.service - Early TPM SRK Setup skipped, unmet condition check ConditionSecurity=measured-uki


[    1.574000] systemd
[    1.574000] [1]: 
[    1.574000] Starting systemd-udev-trigger.service - Coldplug All udev Devices...


[    1.577000] (modprobe)
[    1.577000] [17]: 
[    1.577000] modprobe@efi_pstore.service: Unable to locate executable '/sbin/modprobe': No such file or directory


[    1.577000] (modprobe)
[    1.577000] [18]: 
[    1.577000] modprobe@fuse.service: Unable to locate executable '/sbin/modprobe': No such file or directory


[    1.606000] systemd
[    1.606000] [1]: 
[    1.606000] modprobe@configfs.service: Deactivated successfully.


[    1.615000] systemd
[    1.615000] [1]: 
[    1.615000] Finished modprobe@configfs.service - Load Kernel Module configfs.


[    1.620000] systemd
[    1.620000] [1]: 
[    1.620000] modprobe@efi_pstore.service: Deactivated successfully.


[    1.621000] systemd
[    1.621000] [1]: 
[    1.621000] Finished modprobe@efi_pstore.service - Load Kernel Module efi_pstore.

[    1.625000] contains unsupported clone flags: CLONE_NEWUSER
[    1.630000] A_SIGKILL_PROVENANCE stage=enqueue sender=19/19 target=25/25 origin=user callpoint=kill-or-pidfd route=process

[    1.631000] systemd
[    1.631000] [1]: 
[    1.631000] modprobe@fuse.service: Deactivated successfully.


[    1.632000] systemd
[    1.632000] [1]: 
[    1.632000] Finished modprobe@fuse.service - Load Kernel Module fuse.


[    1.635000] systemd
[    1.635000] [1]: 
[    1.635000] sys-fs-fuse-connections.mount - FUSE Control File System skipped, unmet condition check ConditionPathExists=/sys/fs/fuse/connections

[    1.637000] PID 25: terminating on signal SIGKILL

[    1.647000] systemd
[    1.647000] [1]: 
[    1.647000] Mounting sys-kernel-config.mount - Kernel Configuration File System...


[    1.651000] systemd
[    1.651000] [1]: 
[    1.651000] Finished systemd-remount-fs.service - Remount Root and Kernel File Systems.


[    1.653000] systemd
[    1.653000] [1]: 
[    1.653000] Finished systemd-modules-load.service - Load Kernel Modules.


[    1.677000] systemd
[    1.677000] [1]: 
[    1.677000] Starting asterinas-browser-web-timeline-begin.service - Asterinas online browser boot timeline origin...


[    1.693000] systemd
[    1.693000] [1]: 
[    1.693000] systemd-hwdb-update.service - Rebuild Hardware Database skipped, unmet condition check ConditionNeedsUpdate=/etc


[    1.694000] systemd
[    1.694000] [1]: 
[    1.694000] systemd-pstore.service - Platform Persistent Storage Archival skipped, unmet condition check ConditionDirectoryNotEmpty=/sys/fs/pstore


[    1.709000] systemd
[    1.709000] [1]: 
[    1.709000] Starting systemd-random-seed.service - Load/Save OS Random Seed...


[    1.716000] systemd
[    1.716000] [1]: 
[    1.716000] Starting systemd-sysctl.service - Apply Kernel Variables...


[    1.717000] systemd
[    1.717000] [1]: 
[    1.717000] systemd-tpm2-setup.service - TPM SRK Setup skipped, unmet condition check ConditionSecurity=measured-uki


[    1.727000] systemd
[    1.727000] [1]: 
[    1.727000] Mounted run-lock.mount - Legacy Locks Directory /run/lock.


[    1.728000] systemd-journald
[    1.728000] [19]: 
[    1.728000] Collecting audit messages is disabled.


[    1.728000] systemd
[    1.728000] [1]: 
[    1.728000] Mounted sys-kernel-config.mount - Kernel Configuration File System.


[    1.739000] systemd
[    1.739000] [1]: 
[    1.739000] Finished systemd-udev-trigger.service - Coldplug All udev Devices.


[    1.762000] systemd
[    1.762000] [1]: 
[    1.762000] Finished systemd-tmpfiles-setup-dev-early.service - Create Static Device Nodes in /dev gracefully.


[    1.763000] systemd
[    1.763000] [1]: 
[    1.763000] Reached target local-fs-pre.target - Preparation for Local File Systems.


[    1.763000] systemd
[    1.763000] [1]: 
[    1.763000] Reached target local-fs.target - Local File Systems.


[    1.775000] systemd
[    1.775000] [1]: 
[    1.775000] Listening on systemd-sysext.socket - System Extension Image Management.


[    1.778000] systemd
[    1.778000] [1]: 
[    1.778000] systemd-binfmt.service - Set Up Additional Binary Formats skipped, unmet condition check ConditionPathIsMountPoint=/proc/sys/fs/binfmt_misc


[    1.809000] systemd
[    1.809000] [1]: 
[    1.809000] Started systemd-journald.service - Journal Service.

[    1.819000] UNIX sockets in SCM_RIGHTS messages can leak kernel resource
[    1.820000] UNIX sockets in SCM_RIGHTS messages can leak kernel resource
[    1.826000] UNIX sockets in SCM_RIGHTS messages can leak kernel resource
[    1.829000] UNIX sockets in SCM_RIGHTS messages can leak kernel resource
[    1.831000] UNIX sockets in SCM_RIGHTS messages can leak kernel resource
[    1.832000] UNIX sockets in SCM_RIGHTS messages can leak kernel resource
[    1.832000] UNIX sockets in SCM_RIGHTS messages can leak kernel resource
[    1.834000] UNIX sockets in SCM_RIGHTS messages can leak kernel resource
[    1.835000] UNIX sockets in SCM_RIGHTS messages can leak kernel resource
[    1.836000] UNIX sockets in SCM_RIGHTS messages can leak kernel resource
[    1.838000] UNIX sockets in SCM_RIGHTS messages can leak kernel resource
[    1.838000] UNIX sockets in SCM_RIGHTS messages can leak kernel resource
[    1.848000] UNIX sockets in SCM_RIGHTS messages can leak kernel resource

[    1.880000] systemd-journald
[    1.880000] [19]: 
[    1.880000] Received client request to flush runtime journal.

[    1.938000] UNIX sockets in SCM_RIGHTS messages can leak kernel resource
[    2.121000] UNIX sockets in SCM_RIGHTS messages can leak kernel resource
[    2.225000] UNIX sockets in SCM_RIGHTS messages can leak kernel resource
[    2.225000] UNIX sockets in SCM_RIGHTS messages can leak kernel resource
[    2.234000] UNIX sockets in SCM_RIGHTS messages can leak kernel resource
[    2.237000] UNIX sockets in SCM_RIGHTS messages can leak kernel resource
[    2.250000] UNIX sockets in SCM_RIGHTS messages can leak kernel resource
[    2.303000] UNIX sockets in SCM_RIGHTS messages can leak kernel resource
[    2.607000] UNIX sockets in SCM_RIGHTS messages can leak kernel resource
[    2.935000] stealing TTY from another session is not supported
[    3.555000] UNIX sockets in SCM_RIGHTS messages can leak kernel resource
[    4.341000] UNIX sockets in SCM_RIGHTS messages can leak kernel resource
[    5.392000] UNIX sockets in SCM_RIGHTS messages can leak kernel resource
[    7.156000] UNIX sockets in SCM_RIGHTS messages can leak kernel resource
[    8.153000] Switching to a task already running in the foreground
[    9.467000] only socket-level options are supported
[   10.779000] UNIX sockets in SCM_RIGHTS messages can leak kernel resource
