Using config in CONFIG.ubuntu-MS-7D76
Wed Sep 23 03:53:28 UTC 2026
Latency measurements
Wed Sep 23 03:54:21 UTC 2026
Calculating file system latency
Wed Sep 23 03:54:26 UTC 2026
Local networking
Wed Sep 23 03:57:17 UTC 2026
Bandwidth measurements
Wed Sep 23 03:58:37 UTC 2026
Calculating context switch overhead
Wed Sep 23 03:58:55 UTC 2026
Calculating effective TLB size
Wed Sep 23 03:58:58 UTC 2026
Calculating memory load parallelism
Wed Sep 23 03:59:28 UTC 2026
McCalpin's STREAM benchmark
Wed Sep 23 03:59:31 UTC 2026
Calculating memory load latency
Wed Sep 23 04:03:10 UTC 2026
