[    1.481000] [1]: 
[    1.481000] Starting modprobe@configfs.service - Load Kernel Module configfs...


[    1.487000] systemd
[    1.487000] [1]: 
[    1.487000] Starting modprobe@efi_pstore.service - Load Kernel Module efi_pstore...


[    1.493000] systemd
[    1.493000] [1]: 
[    1.493000] Starting modprobe@fuse.service - Load Kernel Module fuse...


[    1.493000] systemd
[    1.493000] [1]: 
[    1.493000] systemd-hibernate-clear.service - Clear Stale Hibernate Storage Info skipped, unmet condition check ConditionPathExists=/sys/firmware/efi/efivars/HibernateLocation-8cf2644b-4b0b-428f-9387-6d876050dc67


[    1.494000] systemd
[    1.494000] [1]: 
[    1.494000] systemd-journald.service
[    1.494000] : 
[    1.494000] unit configures an IP firewall, but the local system does not support BPF/cgroup firewalling.


[    1.495000] systemd
[    1.495000] [1]: 
[    1.495000] systemd-journald.service
[    1.495000] : 
[    1.495000] (This warning is only shown for the first unit using IP firewalling.)


[    1.502000] systemd
[    1.502000] [1]: 
[    1.502000] Starting systemd-journald.service - Journal Service...


[    1.514000] systemd
[    1.514000] [1]: 
[    1.514000] Starting systemd-modules-load.service - Load Kernel Modules...


[    1.514000] systemd
[    1.514000] [1]: 
[    1.514000] systemd-pcrmachine.service - TPM PCR Machine ID Measurement skipped, unmet condition check ConditionSecurity=measured-uki


[    1.525000] systemd
[    1.525000] [1]: 
[    1.525000] Starting systemd-remount-fs.service - Remount Root and Kernel File Systems...


[    1.532000] (modprobe)
[    1.532000] [16]: 
[    1.532000] modprobe@configfs.service: Unable to locate executable '/sbin/modprobe': No such file or directory


[    1.541000] systemd
[    1.541000] [1]: 
[    1.541000] Starting systemd-tmpfiles-setup-dev-early.service - Create Static Device Nodes in /dev gracefully...


[    1.542000] systemd
[    1.542000] [1]: 
[    1.542000] systemd-tpm2-setup-early.service - Early TPM SRK Setup skipped, unmet condition check ConditionSecurity=measured-uki


[    1.544000] (modprobe)
[    1.544000] [17]: 
[    1.544000] modprobe@efi_pstore.service: Unable to locate executable '/sbin/modprobe': No such file or directory


[    1.547000] (modprobe)
[    1.547000] [18]: 
[    1.547000] modprobe@fuse.service: Unable to locate executable '/sbin/modprobe': No such file or directory


[    1.557000] systemd
[    1.557000] [1]: 
[    1.557000] Starting systemd-udev-trigger.service - Coldplug All udev Devices...


[    1.574000] systemd
[    1.574000] [1]: 
[    1.574000] modprobe@configfs.service: Deactivated successfully.


[    1.580000] systemd
[    1.580000] [1]: 
[    1.580000] Finished modprobe@configfs.service - Load Kernel Module configfs.

[    1.580000] contains unsupported clone flags: CLONE_NEWUSER
[    1.591000] A_SIGKILL_PROVENANCE stage=enqueue sender=19/19 target=24/24 origin=user callpoint=kill-or-pidfd route=process
[    1.591000] PID 24: terminating on signal SIGKILL

[    1.593000] systemd
[    1.593000] [1]: 
[    1.593000] modprobe@efi_pstore.service: Deactivated successfully.


[    1.594000] systemd
[    1.594000] [1]: 
[    1.594000] Finished modprobe@efi_pstore.service - Load Kernel Module efi_pstore.


[    1.597000] systemd
[    1.597000] [1]: 
[    1.597000] modprobe@fuse.service: Deactivated successfully.


[    1.597000] systemd
[    1.597000] [1]: 
[    1.597000] Finished modprobe@fuse.service - Load Kernel Module fuse.


[    1.608000] systemd
[    1.608000] [1]: 
[    1.608000] sys-fs-fuse-connections.mount - FUSE Control File System skipped, unmet condition check ConditionPathExists=/sys/fs/fuse/connections


[    1.623000] systemd
[    1.623000] [1]: 
[    1.623000] Mounting sys-kernel-config.mount - Kernel Configuration File System...


[    1.627000] systemd
[    1.627000] [1]: 
[    1.627000] Finished systemd-modules-load.service - Load Kernel Modules.


[    1.630000] systemd
[    1.630000] [1]: 
[    1.630000] Finished systemd-remount-fs.service - Remount Root and Kernel File Systems.


[    1.647000] systemd
[    1.647000] [1]: 
[    1.647000] Starting asterinas-browser-web-timeline-begin.service - Asterinas online browser boot timeline origin...


[    1.654000] systemd
[    1.654000] [1]: 
[    1.654000] systemd-hwdb-update.service - Rebuild Hardware Database skipped, unmet condition check ConditionNeedsUpdate=/etc


[    1.655000] systemd
[    1.655000] [1]: 
[    1.655000] systemd-pstore.service - Platform Persistent Storage Archival skipped, unmet condition check ConditionDirectoryNotEmpty=/sys/fs/pstore


[    1.661000] systemd
[    1.661000] [1]: 
[    1.661000] Starting systemd-random-seed.service - Load/Save OS Random Seed...


[    1.672000] systemd
[    1.672000] [1]: 
[    1.672000] Starting systemd-sysctl.service - Apply Kernel Variables...


[    1.673000] systemd
[    1.673000] [1]: 
[    1.673000] systemd-tpm2-setup.service - TPM SRK Setup skipped, unmet condition check ConditionSecurity=measured-uki


[    1.686000] systemd
[    1.686000] [1]: 
[    1.686000] Finished systemd-udev-trigger.service - Coldplug All udev Devices.


[    1.691000] systemd
[    1.691000] [1]: 
[    1.691000] Mounted run-lock.mount - Legacy Locks Directory /run/lock.


[    1.693000] systemd
[    1.693000] [1]: 
[    1.693000] Mounted sys-kernel-config.mount - Kernel Configuration File System.


[    1.697000] systemd-journald
[    1.697000] [19]: 
[    1.697000] Collecting audit messages is disabled.


[    1.730000] systemd
[    1.730000] [1]: 
[    1.730000] Finished systemd-tmpfiles-setup-dev-early.service - Create Static Device Nodes in /dev gracefully.


[    1.732000] systemd
[    1.732000] [1]: 
[    1.732000] Reached target local-fs-pre.target - Preparation for Local File Systems.


[    1.732000] systemd
[    1.732000] [1]: 
[    1.732000] Reached target local-fs.target - Local File Systems.


[    1.743000] systemd
[    1.743000] [1]: 
[    1.743000] Listening on systemd-sysext.socket - System Extension Image Management.


[    1.746000] systemd
[    1.746000] [1]: 
[    1.746000] systemd-binfmt.service - Set Up Additional Binary Formats skipped, unmet condition check ConditionPathIsMountPoint=/proc/sys/fs/binfmt_misc


[    1.763000] systemd
[    1.763000] [1]: 
[    1.763000] Started systemd-journald.service - Journal Service.

[    1.767000] UNIX sockets in SCM_RIGHTS messages can leak kernel resource
[    1.768000] UNIX sockets in SCM_RIGHTS messages can leak kernel resource
[    1.770000] UNIX sockets in SCM_RIGHTS messages can leak kernel resource
[    1.771000] UNIX sockets in SCM_RIGHTS messages can leak kernel resource
[    1.772000] UNIX sockets in SCM_RIGHTS messages can leak kernel resource
[    1.773000] UNIX sockets in SCM_RIGHTS messages can leak kernel resource
[    1.775000] UNIX sockets in SCM_RIGHTS messages can leak kernel resource
[    1.776000] UNIX sockets in SCM_RIGHTS messages can leak kernel resource
[    1.778000] UNIX sockets in SCM_RIGHTS messages can leak kernel resource
[    1.779000] UNIX sockets in SCM_RIGHTS messages can leak kernel resource
[    1.780000] UNIX sockets in SCM_RIGHTS messages can leak kernel resource
[    1.785000] UNIX sockets in SCM_RIGHTS messages can leak kernel resource
[    1.807000] writing to `/proc/sys/kernel/pid_max` is not supported
[    1.813000] UNIX sockets in SCM_RIGHTS messages can leak kernel resource

[    1.849000] systemd-journald
[    1.849000] [19]: 
[    1.849000] Received client request to flush runtime journal.

[    1.903000] UNIX sockets in SCM_RIGHTS messages can leak kernel resource
[    2.085000] UNIX sockets in SCM_RIGHTS messages can leak kernel resource
[    2.173000] UNIX sockets in SCM_RIGHTS messages can leak kernel resource
[    2.179000] UNIX sockets in SCM_RIGHTS messages can leak kernel resource
[    2.198000] UNIX sockets in SCM_RIGHTS messages can leak kernel resource
[    2.201000] UNIX sockets in SCM_RIGHTS messages can leak kernel resource
[    2.218000] UNIX sockets in SCM_RIGHTS messages can leak kernel resource
[    2.269000] UNIX sockets in SCM_RIGHTS messages can leak kernel resource
[    2.652000] UNIX sockets in SCM_RIGHTS messages can leak kernel resource
[    2.983000] stealing TTY from another session is not supported
[    3.605000] UNIX sockets in SCM_RIGHTS messages can leak kernel resource

[    3.606000] systemd-journald
[    3.606000] [19]: 
[    3.606000] Time jumped backwards, rotating.

[    4.153000] UNIX sockets in SCM_RIGHTS messages can leak kernel resource
[    5.225000] UNIX sockets in SCM_RIGHTS messages can leak kernel resource
[    6.753000] UNIX sockets in SCM_RIGHTS messages can leak kernel resource
[    7.811000] Switching to a task already running in the foreground
[    9.099000] only socket-level options are supported
[   10.384000] UNIX sockets in SCM_RIGHTS messages can leak kernel resource
