Using config in CONFIG.ubuntu-MS-7D76
Thu Sep 24 09:33:21 UTC 2026
Latency measurements
Thu Sep 24 09:34:13 UTC 2026
Calculating file system latency
Thu Sep 24 09:34:18 UTC 2026
Local networking
Thu Sep 24 09:37:06 UTC 2026
Bandwidth measurements
Thu Sep 24 09:38:26 UTC 2026
Calculating context switch overhead
Thu Sep 24 09:38:40 UTC 2026
Calculating effective TLB size
Thu Sep 24 09:38:43 UTC 2026
Calculating memory load parallelism
Thu Sep 24 09:39:13 UTC 2026
McCalpin's STREAM benchmark
Thu Sep 24 09:39:15 UTC 2026
Calculating memory load latency
Thu Sep 24 09:42:48 UTC 2026
