Using config in CONFIG.ubuntu-MS-7D76
Thu Sep 24 08:31:42 UTC 2026
Latency measurements
Thu Sep 24 08:32:35 UTC 2026
Calculating file system latency
Thu Sep 24 08:32:40 UTC 2026
Local networking
Thu Sep 24 08:35:28 UTC 2026
Bandwidth measurements
Thu Sep 24 08:36:50 UTC 2026
Calculating context switch overhead
Thu Sep 24 08:37:06 UTC 2026
Calculating effective TLB size
Thu Sep 24 08:37:08 UTC 2026
Calculating memory load parallelism
Thu Sep 24 08:37:38 UTC 2026
McCalpin's STREAM benchmark
Thu Sep 24 08:37:41 UTC 2026
Calculating memory load latency
Thu Sep 24 08:41:12 UTC 2026
