Using config in CONFIG.ubuntu-MS-7D76
Thu Sep 24 11:35:44 UTC 2026
Latency measurements
Thu Sep 24 11:36:37 UTC 2026
Calculating file system latency
Thu Sep 24 11:36:42 UTC 2026
Local networking
Thu Sep 24 11:39:28 UTC 2026
Bandwidth measurements
Thu Sep 24 11:40:48 UTC 2026
Calculating context switch overhead
Thu Sep 24 11:41:02 UTC 2026
Calculating effective TLB size
Thu Sep 24 11:41:05 UTC 2026
Calculating memory load parallelism
Thu Sep 24 11:41:34 UTC 2026
McCalpin's STREAM benchmark
Thu Sep 24 11:41:37 UTC 2026
Calculating memory load latency
Thu Sep 24 11:45:09 UTC 2026
