[    1.461000] [1]: 
[    1.461000] Starting modprobe@efi_pstore.service - Load Kernel Module efi_pstore...


[    1.467000] systemd
[    1.467000] [1]: 
[    1.467000] Starting modprobe@fuse.service - Load Kernel Module fuse...


[    1.468000] systemd
[    1.468000] [1]: 
[    1.468000] systemd-hibernate-clear.service - Clear Stale Hibernate Storage Info skipped, unmet condition check ConditionPathExists=/sys/firmware/efi/efivars/HibernateLocation-8cf2644b-4b0b-428f-9387-6d876050dc67


[    1.469000] systemd
[    1.469000] [1]: 
[    1.469000] systemd-journald.service
[    1.469000] : 
[    1.469000] unit configures an IP firewall, but the local system does not support BPF/cgroup firewalling.


[    1.469000] systemd
[    1.469000] [1]: 
[    1.469000] systemd-journald.service
[    1.469000] : 
[    1.469000] (This warning is only shown for the first unit using IP firewalling.)


[    1.477000] systemd
[    1.477000] [1]: 
[    1.477000] Starting systemd-journald.service - Journal Service...


[    1.485000] (modprobe)
[    1.485000] [16]: 
[    1.485000] modprobe@configfs.service: Unable to locate executable '/sbin/modprobe': No such file or directory


[    1.498000] systemd
[    1.498000] [1]: 
[    1.498000] Starting systemd-modules-load.service - Load Kernel Modules...


[    1.498000] systemd
[    1.498000] [1]: 
[    1.498000] systemd-pcrmachine.service - TPM PCR Machine ID Measurement skipped, unmet condition check ConditionSecurity=measured-uki


[    1.504000] (modprobe)
[    1.504000] [17]: 
[    1.504000] modprobe@efi_pstore.service: Unable to locate executable '/sbin/modprobe': No such file or directory


[    1.510000] systemd
[    1.510000] [1]: 
[    1.510000] Starting systemd-remount-fs.service - Remount Root and Kernel File Systems...


[    1.524000] (modprobe)
[    1.524000] [18]: 
[    1.524000] modprobe@fuse.service: Unable to locate executable '/sbin/modprobe': No such file or directory


[    1.525000] systemd
[    1.525000] [1]: 
[    1.525000] Starting systemd-tmpfiles-setup-dev-early.service - Create Static Device Nodes in /dev gracefully...


[    1.526000] systemd
[    1.526000] [1]: 
[    1.526000] systemd-tpm2-setup-early.service - Early TPM SRK Setup skipped, unmet condition check ConditionSecurity=measured-uki


[    1.532000] systemd
[    1.532000] [1]: 
[    1.532000] Starting systemd-udev-trigger.service - Coldplug All udev Devices...


[    1.547000] systemd
[    1.547000] [1]: 
[    1.547000] Mounted run-lock.mount - Legacy Locks Directory /run/lock.


[    1.552000] systemd
[    1.552000] [1]: 
[    1.552000] modprobe@configfs.service: Deactivated successfully.

[    1.554000] contains unsupported clone flags: CLONE_NEWUSER

[    1.556000] systemd
[    1.556000] [1]: 
[    1.556000] Finished modprobe@configfs.service - Load Kernel Module configfs.

[    1.559000] A_SIGKILL_PROVENANCE stage=enqueue sender=19/19 target=24/24 origin=user callpoint=kill-or-pidfd route=process

[    1.561000] systemd
[    1.561000] [1]: 
[    1.561000] modprobe@efi_pstore.service: Deactivated successfully.


[    1.562000] systemd
[    1.562000] [1]: 
[    1.562000] Finished modprobe@efi_pstore.service - Load Kernel Module efi_pstore.

[    1.563000] PID 24: terminating on signal SIGKILL

[    1.565000] systemd
[    1.565000] [1]: 
[    1.565000] modprobe@fuse.service: Deactivated successfully.


[    1.566000] systemd
[    1.566000] [1]: 
[    1.566000] Finished modprobe@fuse.service - Load Kernel Module fuse.


[    1.569000] systemd
[    1.569000] [1]: 
[    1.569000] sys-fs-fuse-connections.mount - FUSE Control File System skipped, unmet condition check ConditionPathExists=/sys/fs/fuse/connections


[    1.583000] systemd
[    1.583000] [1]: 
[    1.583000] Mounting sys-kernel-config.mount - Kernel Configuration File System...


[    1.603000] systemd
[    1.603000] [1]: 
[    1.603000] Finished systemd-remount-fs.service - Remount Root and Kernel File Systems.


[    1.617000] systemd
[    1.617000] [1]: 
[    1.617000] Starting asterinas-browser-web-timeline-begin.service - Asterinas online browser boot timeline origin...


[    1.632000] systemd
[    1.632000] [1]: 
[    1.633000] systemd-hwdb-update.service - Rebuild Hardware Database skipped, unmet condition check ConditionNeedsUpdate=/etc


[    1.633000] systemd
[    1.633000] [1]: 
[    1.633000] systemd-pstore.service - Platform Persistent Storage Archival skipped, unmet condition check ConditionDirectoryNotEmpty=/sys/fs/pstore


[    1.646000] systemd
[    1.646000] [1]: 
[    1.646000] Starting systemd-random-seed.service - Load/Save OS Random Seed...


[    1.646000] systemd
[    1.646000] [1]: 
[    1.646000] systemd-tpm2-setup.service - TPM SRK Setup skipped, unmet condition check ConditionSecurity=measured-uki


[    1.656000] systemd
[    1.656000] [1]: 
[    1.656000] Finished systemd-modules-load.service - Load Kernel Modules.


[    1.658000] systemd
[    1.658000] [1]: 
[    1.658000] Mounted sys-kernel-config.mount - Kernel Configuration File System.


[    1.669000] systemd
[    1.669000] [1]: 
[    1.669000] Starting systemd-sysctl.service - Apply Kernel Variables...


[    1.688000] systemd
[    1.688000] [1]: 
[    1.688000] Finished systemd-tmpfiles-setup-dev-early.service - Create Static Device Nodes in /dev gracefully.


[    1.689000] systemd
[    1.689000] [1]: 
[    1.689000] Reached target local-fs-pre.target - Preparation for Local File Systems.


[    1.690000] systemd
[    1.690000] [1]: 
[    1.690000] Reached target local-fs.target - Local File Systems.


[    1.694000] systemd-journald
[    1.694000] [19]: 
[    1.694000] Collecting audit messages is disabled.


[    1.697000] systemd
[    1.697000] [1]: 
[    1.697000] Listening on systemd-sysext.socket - System Extension Image Management.


[    1.700000] systemd
[    1.700000] [1]: 
[    1.700000] systemd-binfmt.service - Set Up Additional Binary Formats skipped, unmet condition check ConditionPathIsMountPoint=/proc/sys/fs/binfmt_misc


[    1.721000] systemd
[    1.721000] [1]: 
[    1.721000] Finished systemd-udev-trigger.service - Coldplug All udev Devices.


[    1.733000] systemd
[    1.733000] [1]: 
[    1.733000] Finished systemd-random-seed.service - Load/Save OS Random Seed.


[    1.742000] systemd
[    1.742000] [1]: 
[    1.742000] Finished systemd-sysctl.service - Apply Kernel Variables.


[    1.766000] systemd
[    1.766000] [1]: 
[    1.766000] Started systemd-journald.service - Journal Service.

[    1.773000] UNIX sockets in SCM_RIGHTS messages can leak kernel resource
[    1.775000] UNIX sockets in SCM_RIGHTS messages can leak kernel resource
[    1.777000] UNIX sockets in SCM_RIGHTS messages can leak kernel resource
[    1.779000] UNIX sockets in SCM_RIGHTS messages can leak kernel resource
[    1.780000] UNIX sockets in SCM_RIGHTS messages can leak kernel resource
[    1.781000] UNIX sockets in SCM_RIGHTS messages can leak kernel resource
[    1.784000] UNIX sockets in SCM_RIGHTS messages can leak kernel resource
[    1.784000] UNIX sockets in SCM_RIGHTS messages can leak kernel resource
[    1.786000] UNIX sockets in SCM_RIGHTS messages can leak kernel resource
[    1.787000] UNIX sockets in SCM_RIGHTS messages can leak kernel resource
[    1.788000] UNIX sockets in SCM_RIGHTS messages can leak kernel resource
[    1.789000] UNIX sockets in SCM_RIGHTS messages can leak kernel resource
[    1.843000] UNIX sockets in SCM_RIGHTS messages can leak kernel resource

[    1.875000] systemd-journald
[    1.875000] [19]: 
[    1.875000] Received client request to flush runtime journal.

[    1.929000] UNIX sockets in SCM_RIGHTS messages can leak kernel resource
[    2.115000] UNIX sockets in SCM_RIGHTS messages can leak kernel resource
[    2.216000] UNIX sockets in SCM_RIGHTS messages can leak kernel resource
[    2.222000] UNIX sockets in SCM_RIGHTS messages can leak kernel resource
[    2.225000] UNIX sockets in SCM_RIGHTS messages can leak kernel resource
[    2.228000] UNIX sockets in SCM_RIGHTS messages can leak kernel resource
[    2.252000] UNIX sockets in SCM_RIGHTS messages can leak kernel resource
[    2.277000] UNIX sockets in SCM_RIGHTS messages can leak kernel resource
[    2.675000] UNIX sockets in SCM_RIGHTS messages can leak kernel resource
[    3.009000] stealing TTY from another session is not supported
[    4.024000] UNIX sockets in SCM_RIGHTS messages can leak kernel resource
[    6.268000] UNIX sockets in SCM_RIGHTS messages can leak kernel resource
[    6.920000] UNIX sockets in SCM_RIGHTS messages can leak kernel resource
[    7.795000] UNIX sockets in SCM_RIGHTS messages can leak kernel resource
[    8.015000] UNIX sockets in SCM_RIGHTS messages can leak kernel resource
[   11.014000] Switching to a task already running in the foreground
[   12.322000] only socket-level options are supported
[   13.633000] UNIX sockets in SCM_RIGHTS messages can leak kernel resource
